// Jest Snapshot v1, https://goo.gl/fbAQLP

exports[`ContactsList renders ContactsList 1`] = `
<div
  className="contacts-list"
>
  <ContactCategories />
  <ContactRows />
</div>
`;
