// Jest Snapshot v1, https://goo.gl/fbAQLP

exports[`ContactRows renders ContactRows 1`] = `
<div
  className="contact-rows"
/>
`;
